gilbreth-g008.rcac.purdue.edu
Thu May 14 05:16:50 EDT 2026
Thu May 14 05:16:50 2026       
+-----------------------------------------------------------------------------------------+
| NVIDIA-SMI 590.48.01              Driver Version: 590.48.01      CUDA Version: 13.1     |
+-----------------------------------------+------------------------+----------------------+
| GPU  Name                 Persistence-M | Bus-Id          Disp.A | Volatile Uncorr. ECC |
| Fan  Temp   Perf          Pwr:Usage/Cap |           Memory-Usage | GPU-Util  Compute M. |
|                                         |                        |               MIG M. |
|=========================================+========================+======================|
|   0  NVIDIA A100-PCIE-40GB          On  |   00000000:21:00.0 Off |                    0 |
| N/A   39C    P0             35W /  250W |       0MiB /  40960MiB |      0%      Default |
|                                         |                        |             Disabled |
+-----------------------------------------+------------------------+----------------------+

+-----------------------------------------------------------------------------------------+
| Processes:                                                                              |
|  GPU   GI   CI              PID   Type   Process name                        GPU Memory |
|        ID   ID                                                               Usage      |
|=========================================================================================|
|  No running processes found                                                             |
+-----------------------------------------------------------------------------------------+

Currently Loaded Modules:
  1) gcc/11.5.0      3) libiconv/1.17-36njf44  (H)   5) cuda/12.6.0
  2) openmpi/4.1.6   4) libxml2/2.10.3-wroyiwb (H)

  Where:
   H:  Hidden Module

 

Python 3.9.25
pyfr 1.15.0
-----------------------------------------------------
  By loading the 'pvNVIDIAIndeX' plugin you have accepted the EULA shipped with it.
  If that is not acceptable, please restart the application without loading 
  the 'pvNVIDIAIndeX' plugin.
-----------------------------------------------------
