gilbreth-g001.rcac.purdue.edu
Mon May 11 22:36:15 EDT 2026
Mon May 11 22:36:15 2026       
+-----------------------------------------------------------------------------------------+
| NVIDIA-SMI 590.48.01              Driver Version: 590.48.01      CUDA Version: 13.1     |
+-----------------------------------------+------------------------+----------------------+
| GPU  Name                 Persistence-M | Bus-Id          Disp.A | Volatile Uncorr. ECC |
| Fan  Temp   Perf          Pwr:Usage/Cap |           Memory-Usage | GPU-Util  Compute M. |
|                                         |                        |               MIG M. |
|=========================================+========================+======================|
|   0  NVIDIA A100-PCIE-40GB          On  |   00000000:81:00.0 Off |                    0 |
| N/A   31C    P0             35W /  250W |       0MiB /  40960MiB |      0%      Default |
|                                         |                        |             Disabled |
+-----------------------------------------+------------------------+----------------------+

+-----------------------------------------------------------------------------------------+
| Processes:                                                                              |
|  GPU   GI   CI              PID   Type   Process name                        GPU Memory |
|        ID   ID                                                               Usage      |
|=========================================================================================|
|  No running processes found                                                             |
+-----------------------------------------------------------------------------------------+

Currently Loaded Modules:
  1) xalt/3.1.4 (S)   5) openmpi/4.1.6
  2) external         6) libiconv/1.17-36njf44  (H)
  3) rcac             7) libxml2/2.10.3-wroyiwb (H)
  4) gcc/11.5.0       8) cuda/12.6.0

  Where:
   H:  Hidden Module
   S:  Module is Sticky, requires --force to unload or purge

 

Python 3.9.25
pyfr 1.15.0
