/scratch/gilbreth/prabhu56/nasa-hump2-gpu-pyfr-pass1/pyfr-venv/lib64/python3.9/site-packages/pyfr/quadrules/__init__.py:3: UserWarning: pkg_resources is deprecated as an API. See https://setuptools.pypa.io/en/latest/pkg_resources.html. The pkg_resources package is slated for removal as early as 2025-11-30. Refrain from using this package or pin to Setuptools<81.
  from pkg_resources import resource_listdir, resource_string
/scratch/gilbreth/prabhu56/nasa-hump2-gpu-pyfr-pass1/pyfr-venv/lib64/python3.9/site-packages/pyfr/quadrules/__init__.py:3: UserWarning: pkg_resources is deprecated as an API. See https://setuptools.pypa.io/en/latest/pkg_resources.html. The pkg_resources package is slated for removal as early as 2025-11-30. Refrain from using this package or pin to Setuptools<81.
  from pkg_resources import resource_listdir, resource_string
[gilbreth-g001.rcac.purdue.edu:3708617] mca_base_component_repository_open: unable to open mca_coll_hcoll: libhcoll.so.1: cannot open shared object file: No such file or directory (ignored)
Traceback (most recent call last):
  File "/scratch/gilbreth/prabhu56/nasa-hump2-gpu-pyfr-pass1/pyfr-venv/bin/pyfr", line 6, in <module>
    sys.exit(main())
  File "/scratch/gilbreth/prabhu56/nasa-hump2-gpu-pyfr-pass1/pyfr-venv/lib64/python3.9/site-packages/pyfr/__main__.py", line 118, in main
    args.process(args)
  File "/scratch/gilbreth/prabhu56/nasa-hump2-gpu-pyfr-pass1/pyfr-venv/lib64/python3.9/site-packages/pyfr/__main__.py", line 251, in process_run
    _process_common(
  File "/scratch/gilbreth/prabhu56/nasa-hump2-gpu-pyfr-pass1/pyfr-venv/lib64/python3.9/site-packages/pyfr/__main__.py", line 236, in _process_common
    solver = get_solver(backend, rallocs, mesh, soln, cfg)
  File "/scratch/gilbreth/prabhu56/nasa-hump2-gpu-pyfr-pass1/pyfr-venv/lib64/python3.9/site-packages/pyfr/solvers/__init__.py", line 16, in get_solver
    return get_integrator(backend, systemcls, rallocs, mesh, initsoln, cfg)
  File "/scratch/gilbreth/prabhu56/nasa-hump2-gpu-pyfr-pass1/pyfr-venv/lib64/python3.9/site-packages/pyfr/integrators/__init__.py", line 36, in get_integrator
    return integrator(backend, systemcls, rallocs, mesh, initsoln, cfg)
  File "/scratch/gilbreth/prabhu56/nasa-hump2-gpu-pyfr-pass1/pyfr-venv/lib64/python3.9/site-packages/pyfr/integrators/dual/phys/controllers.py", line 8, in __init__
    super().__init__(*args, **kwargs)
  File "/scratch/gilbreth/prabhu56/nasa-hump2-gpu-pyfr-pass1/pyfr-venv/lib64/python3.9/site-packages/pyfr/integrators/dual/phys/steppers.py", line 16, in __init__
    super().__init__(*args, **kwargs)
  File "/scratch/gilbreth/prabhu56/nasa-hump2-gpu-pyfr-pass1/pyfr-venv/lib64/python3.9/site-packages/pyfr/integrators/dual/phys/base.py", line 16, in __init__
    self.pseudointegrator = get_pseudo_integrator(
  File "/scratch/gilbreth/prabhu56/nasa-hump2-gpu-pyfr-pass1/pyfr-venv/lib64/python3.9/site-packages/pyfr/integrators/dual/pseudo/__init__.py", line 76, in get_pseudo_integrator
    return pseudointegrator(backend, systemcls, rallocs, mesh,
  File "/scratch/gilbreth/prabhu56/nasa-hump2-gpu-pyfr-pass1/pyfr-venv/lib64/python3.9/site-packages/pyfr/integrators/dual/pseudo/pseudocontrollers.py", line 83, in __init__
    super().__init__(*args, **kwargs)
  File "/scratch/gilbreth/prabhu56/nasa-hump2-gpu-pyfr-pass1/pyfr-venv/lib64/python3.9/site-packages/pyfr/integrators/dual/pseudo/pseudocontrollers.py", line 11, in __init__
    super().__init__(*args, **kwargs)
  File "/scratch/gilbreth/prabhu56/nasa-hump2-gpu-pyfr-pass1/pyfr-venv/lib64/python3.9/site-packages/pyfr/integrators/dual/pseudo/pseudosteppers.py", line 191, in __init__
    super().__init__(*args, **kwargs)
  File "/scratch/gilbreth/prabhu56/nasa-hump2-gpu-pyfr-pass1/pyfr-venv/lib64/python3.9/site-packages/pyfr/integrators/dual/pseudo/base.py", line 51, in __init__
    self.system = systemcls(backend, rallocs, mesh, initsoln,
  File "/scratch/gilbreth/prabhu56/nasa-hump2-gpu-pyfr-pass1/pyfr-venv/lib64/python3.9/site-packages/pyfr/solvers/base/system.py", line 58, in __init__
    int_inters = self._load_int_inters(rallocs, mesh, elemap)
  File "/scratch/gilbreth/prabhu56/nasa-hump2-gpu-pyfr-pass1/pyfr-venv/lib64/python3.9/site-packages/pyfr/solvers/base/system.py", line 130, in _load_int_inters
    int_inters = self.intinterscls(self.backend, lhs, rhs, elemap,
  File "/scratch/gilbreth/prabhu56/nasa-hump2-gpu-pyfr-pass1/pyfr-venv/lib64/python3.9/site-packages/pyfr/solvers/acnavstokes/inters.py", line 10, in __init__
    super().__init__(be, lhs, rhs, elemap, cfg)
  File "/scratch/gilbreth/prabhu56/nasa-hump2-gpu-pyfr-pass1/pyfr-venv/lib64/python3.9/site-packages/pyfr/solvers/baseadvecdiff/inters.py", line 10, in __init__
    super().__init__(be, lhs, rhs, elemap, cfg)
  File "/scratch/gilbreth/prabhu56/nasa-hump2-gpu-pyfr-pass1/pyfr-venv/lib64/python3.9/site-packages/pyfr/solvers/baseadvec/inters.py", line 15, in __init__
    self._gen_perm(lhs, rhs)
  File "/scratch/gilbreth/prabhu56/nasa-hump2-gpu-pyfr-pass1/pyfr-venv/lib64/python3.9/site-packages/pyfr/solvers/baseadvecdiff/inters.py", line 33, in _gen_perm
    self._perm = self._get_perm_for_view(side, 'get_scal_fpts_for_inter')
  File "/scratch/gilbreth/prabhu56/nasa-hump2-gpu-pyfr-pass1/pyfr-venv/lib64/python3.9/site-packages/pyfr/solvers/base/inters.py", line 65, in _get_perm_for_view
    vm = _get_inter_objs(inter, meth, self.elemap)
  File "/scratch/gilbreth/prabhu56/nasa-hump2-gpu-pyfr-pass1/pyfr-venv/lib64/python3.9/site-packages/pyfr/solvers/base/inters.py", line 11, in _get_inter_objs
    return [emap[type](eidx, fidx) for type, eidx, fidx, flags in interside]
  File "/scratch/gilbreth/prabhu56/nasa-hump2-gpu-pyfr-pass1/pyfr-venv/lib64/python3.9/site-packages/pyfr/solvers/base/inters.py", line 11, in <listcomp>
    return [emap[type](eidx, fidx) for type, eidx, fidx, flags in interside]
  File "/scratch/gilbreth/prabhu56/nasa-hump2-gpu-pyfr-pass1/pyfr-venv/lib64/python3.9/site-packages/pyfr/solvers/base/elements.py", line 387, in get_scal_fpts_for_inter
    rmap = self._srtd_face_fpts[fidx][eidx]
  File "/usr/lib64/python3.9/functools.py", line 993, in __get__
    val = self.func(instance)
  File "/scratch/gilbreth/prabhu56/nasa-hump2-gpu-pyfr-pass1/pyfr-venv/lib64/python3.9/site-packages/pyfr/solvers/base/elements.py", line 110, in _srtd_face_fpts
    return [[np.array(fuzzysort(pts.tolist(), ffpts)) for pts in plocfpts]
  File "/scratch/gilbreth/prabhu56/nasa-hump2-gpu-pyfr-pass1/pyfr-venv/lib64/python3.9/site-packages/pyfr/solvers/base/elements.py", line 110, in <listcomp>
    return [[np.array(fuzzysort(pts.tolist(), ffpts)) for pts in plocfpts]
  File "/scratch/gilbreth/prabhu56/nasa-hump2-gpu-pyfr-pass1/pyfr-venv/lib64/python3.9/site-packages/pyfr/solvers/base/elements.py", line 110, in <listcomp>
    return [[np.array(fuzzysort(pts.tolist(), ffpts)) for pts in plocfpts]
  File "/scratch/gilbreth/prabhu56/nasa-hump2-gpu-pyfr-pass1/pyfr-venv/lib64/python3.9/site-packages/pyfr/nputil.py", line 96, in fuzzysort
    srtdidx[i:j] = fuzzysort(arr, srtdidx[i:j], dim + 1, tol)
  File "/scratch/gilbreth/prabhu56/nasa-hump2-gpu-pyfr-pass1/pyfr-venv/lib64/python3.9/site-packages/pyfr/nputil.py", line 100, in fuzzysort
    srtdidx[i:] = fuzzysort(arr, srtdidx[i:], dim + 1, tol)
  File "/scratch/gilbreth/prabhu56/nasa-hump2-gpu-pyfr-pass1/pyfr-venv/lib64/python3.9/site-packages/pyfr/nputil.py", line 88, in fuzzysort
    arrd = arr[dim]
IndexError: list index out of range
